// Jest Snapshot v1, https://goo.gl/fbAQLP

exports[`Prueba del acrchivo gifitem <GifItem/> Debe hacer match con el snapshot 1`] = `
<div>
  <div
    class="card"
  >
    <img
      alt="pokemon"
      src="https://pokemon.com/pikachu"
    />
    <p>
      pokemon
    </p>
  </div>
</div>
`;
